              total        used        free      shared     buffers       cache   available
Mem:        8053804     1262704     5830864       60576       61596      898640     6483996
Swap:       2097152           0     2097152
