PATTERN: 0xabcd
PING 2a04:4e42:600::323(2a04:4e42:600::323) 56 data bytes
64 bytes from 2a04:4e42:600::323: icmp_seq=1 ttl=59 time=26.8 ms
64 bytes from 2a04:4e42:600::323: icmp_seq=2 ttl=59 time=24.6 ms
64 bytes from 2a04:4e42:600::323: icmp_seq=3 ttl=59 time=23.6 ms
64 bytes from 2a04:4e42:600::323: icmp_seq=4 ttl=59 time=21.7 ms
64 bytes from 2a04:4e42:600::323: icmp_seq=5 ttl=59 time=28.4 ms
64 bytes from 2a04:4e42:600::323: icmp_seq=6 ttl=59 time=23.0 ms
64 bytes from 2a04:4e42:600::323: icmp_seq=7 ttl=59 time=21.4 ms
64 bytes from 2a04:4e42:600::323: icmp_seq=8 ttl=59 time=22.3 ms
64 bytes from 2a04:4e42:600::323: icmp_seq=9 ttl=59 time=22.3 ms
64 bytes from 2a04:4e42:600::323: icmp_seq=10 ttl=59 time=29.3 ms
64 bytes from 2a04:4e42:600::323: icmp_seq=11 ttl=59 time=22.6 ms
64 bytes from 2a04:4e42:600::323: icmp_seq=12 ttl=59 time=22.7 ms
64 bytes from 2a04:4e42:600::323: icmp_seq=13 ttl=59 time=29.9 ms
64 bytes from 2a04:4e42:600::323: icmp_seq=14 ttl=59 time=22.0 ms
64 bytes from 2a04:4e42:600::323: icmp_seq=15 ttl=59 time=30.1 ms
64 bytes from 2a04:4e42:600::323: icmp_seq=16 ttl=59 time=24.2 ms
64 bytes from 2a04:4e42:600::323: icmp_seq=17 ttl=59 time=22.9 ms
64 bytes from 2a04:4e42:600::323: icmp_seq=18 ttl=59 time=24.5 ms
64 bytes from 2a04:4e42:600::323: icmp_seq=19 ttl=59 time=29.9 ms

--- 2a04:4e42:600::323 ping statistics ---
20 packets transmitted, 19 received, 5% packet loss, time 19046ms
rtt min/avg/max/mdev = 21.403/24.901/30.176/3.056 ms
