PATTERN: 0xff
PING cnn.com (151.101.1.67): 56 data bytes
64 bytes from 151.101.1.67: icmp_seq=0 ttl=59 time=89.422 ms
64 bytes from 151.101.1.67: icmp_seq=1 ttl=59 time=116.712 ms
64 bytes from 151.101.1.67: icmp_seq=2 ttl=59 time=147.964 ms

--- cnn.com ping statistics ---
3 packets transmitted, 3 packets received, 0.0% packet loss
round-trip min/avg/max/stddev = 89.422/118.033/147.964/23.918 ms
