PATTERN: 0xff
PING6(56=40+8+8 bytes) ::1 --> ::1
16 bytes from ::1, icmp_seq=0 hlim=64 time=0.077 ms
16 bytes from ::1, icmp_seq=1 hlim=64 time=0.156 ms
16 bytes from ::1, icmp_seq=2 hlim=64 time=0.139 ms

--- ::1 ping6 statistics ---
3 packets transmitted, 3 packets received, 0.0% packet loss
round-trip min/avg/max/std-dev = 0.077/0.124/0.156/0.034 ms
