PING 127.0.0.1 (127.0.0.1): 1400 data bytes
1408 bytes from 127.0.0.1: icmp_seq=0 ttl=64 time=0.053 ms
1408 bytes from 127.0.0.1: icmp_seq=1 ttl=64 time=0.108 ms
1408 bytes from 127.0.0.1: icmp_seq=2 ttl=64 time=0.089 ms

--- 127.0.0.1 ping statistics ---
3 packets transmitted, 3 packets received, 0.0% packet loss
round-trip min/avg/max/stddev = 0.053/0.083/0.108/0.023 ms
