38391 1 airport-I.json
10927 1 airport-I.out
19081 3 airport-s.json
63504 2 airport-s.out
60887 3 arp-a.json
18964 1 arp-a.out
63795 3 arp-a2.json
46674 2 arp-a2.out
49539 5 cksum.out
64766 2 df-h.json
415 2 df-h.out
37365 2 df.json
12639 2 df.out
8111 1 dig-aaaa.json
50417 1 dig-aaaa.out
43183 6 dig-axfr.json
28178 4 dig-axfr.out
2727 1 dig-x.json
11169 1 dig-x.out
40945 2 dig.json
61726 2 dig.out
38720 289 du.json
16890 217 du.out
37280 4 file.json
9660 3 file.out
29539 5 file2.json
33868 5 file2.out
50477 10 group.json
55547 3 group.out
21649 1 id.json
26181 1 id.out
17770 11 ifconfig.json
10956 4 ifconfig.out
35645 12 ifconfig2.json
38293 4 ifconfig2.out
36756 45 last.json
23587 26 last.out
30013 1 ls-R-newlines.json
42103 1 ls-R-newlines.out
37108 459 ls-R.json
63758 131 ls-R.out
56923 5 ls-al.json
15531 3 ls-al.out
1382 938 ls-alR.json
4461 357 ls-alR.out
57950 5 ls-alh.json
6947 3 ls-alh.out
31393 90 ls-glob.json
1019 19 ls-glob.out
57505 2 ls-l-newlines.json
41948 1 ls-l-newlines.out
11529 348 ls-lR-empty-folder.json
58132 126 ls-lR-empty-folder.out
6935 2 ls-lR-newlines.json
41356 1 ls-lR-newlines.out
9894 1 ls-newlines.json
57269 1 ls-newlines.out
17338 1 ls.json
52477 1 ls.out
36019 8 md5.json
42534 6 md5.out
37000 1 mount.json
16534 1 mount.out
45746 1 mount2.json
55291 1 mount2.out
34181 148 netstat-Abn.json
5732 76 netstat-Abn.out
27697 140 netstat-An.json
26933 70 netstat-An.out
13656 8 netstat-i.json
7961 4 netstat-i.out
11407 17 netstat-r.json
18759 7 netstat-r.out
63267 21 netstat-rnl.json
62814 10 netstat-rnl.out
41515 138 netstat.json
32647 69 netstat.out
39641 15 passwd.json
19130 7 passwd.out
113 1 ping-hostname-p.json
6247 1 ping-hostname-p.out
12827 1 ping-hostname-s.json
23515 1 ping-hostname-s.out
21637 1 ping-hostname.json
18604 1 ping-hostname.out
26389 3 ping-ip-dup.json
19769 2 ping-ip-dup.out
24589 1 ping-ip-p.json
46644 1 ping-ip-p.out
33523 1 ping-ip-s.json
25608 1 ping-ip-s.out
8854 1 ping-ip.json
62691 1 ping-ip.out
49568 1 ping6-hostname-p.json
53253 1 ping6-hostname-p.out
25633 1 ping6-hostname-s.json
33091 1 ping6-hostname-s.out
7678 1 ping6-hostname.json
57086 1 ping6-hostname.out
22863 10 ping6-ip-dup.json
43494 6 ping6-ip-dup.out
39183 1 ping6-ip-p.json
34802 1 ping6-ip-p.out
40367 1 ping6-ip-s.json
51554 1 ping6-ip-s.out
57462 1 ping6-ip.json
36941 1 ping6-ip.out
29175 1 pip-list.json
20474 1 pip-list.out
37722 2 pip-show.json
18260 1 pip-show.out
24887 97 ps-axu.json
43405 59 ps-axu.out
62822 70 ps-ef.json
46842 48 ps-ef.out
29690 12 shasum.json
31405 8 shasum.out
30773 35 stat.json
27996 16 stat.out
54364 46 sysctl-a.json
56073 42 sysctl-a.out
60232 2 traceroute-asn.json
60268 1 traceroute-asn.out
7554 1 traceroute-mult-addresses.json
19479 1 traceroute-mult-addresses.out
14875 1 traceroute-no-header.json
62949 1 traceroute-no-header.out
12931 2 traceroute-q.json
52433 1 traceroute-q.out
45516 3 traceroute.json
2209 1 traceroute.out
12134 1 traceroute6-mult-addresses.json
52070 1 traceroute6-mult-addresses.out
12134 1 traceroute6.json
0 1 traceroute6.out
33535 1 uname-a.json
39634 1 uname-a.out
22645 1 uname.out
59092 1 uptime.json
45958 1 uptime.out
8647 1 w.json
16304 1 w.out
61006 1 who-a.json
8784 1 who-a.out
6467 1 who.json
27498 1 who.out
