kbrazil    pts/0    192.168.71.1           Thu May 28 21:29   still logged in
kbrazil    pts/0    192.168.71.1           Thu May 28 04:13 - 21:29  (17:16)
kbrazil    pts/0    192.168.71.1           Wed May 27 16:09 - 04:13  (12:03)
root       ttyv0                           Wed May 27 12:48   still logged in
kbrazil    pts/0    192.168.71.1           Wed May 27 12:47 - 16:09  (03:22)
kbrazil    ttyv0                           Wed May 27 12:46 - 12:48  (00:01)
boot time                                  Wed May 27 12:46

utx.log begins Wed May 27 12:46:05 PDT 2020
