PATTERN: 0xff
PING 127.0.0.1 (127.0.0.1): 56 data bytes
64 bytes from 127.0.0.1: icmp_seq=0 ttl=64 time=0.036 ms
64 bytes from 127.0.0.1: icmp_seq=1 ttl=64 time=0.042 ms
64 bytes from 127.0.0.1: icmp_seq=2 ttl=64 time=0.034 ms

--- 127.0.0.1 ping statistics ---
3 packets transmitted, 3 packets received, 0.0% packet loss
round-trip min/avg/max/stddev = 0.034/0.037/0.042/0.003 ms
