#this is a test for the jc module
@daily /bin/sh do_the_thing
