/dev/sdb1:
          Magic : a92b4efc
        Version : 1.1
    Feature Map : 0x1
     Array UUID : 85c5b164:d58a5ada:14f5fe07:d642e843
           Name : virttest:0
  Creation Time : Tue Apr 13 23:22:16 2010
     Raid Level : raid1
   Raid Devices : 2

 Avail Dev Size : 11721041656 sectors (5.46 TiB 6.00 TB)
     Array Size : 5860520828 KiB (5.46 TiB 6.00 TB)
    Data Offset : 264 sectors
   Super Offset : 0 sectors
   Unused Space : before=80 sectors, after=0 sectors
          State : clean
    Device UUID : 813162e5:2e865efe:02ba5570:7003165c

Internal Bitmap : 8 sectors from superblock
    Update Time : Tue Jul 26 20:16:31 2022
  Bad Block Log : 512 entries available at offset 72 sectors
       Checksum : f141a577 - correct
         Events : 2193679


   Device Role : Active device 0
   Array State : AA ('A' == active, '.' == missing, 'R' == replacing)
