traceroute to www.koumbit.org (199.58.80.40), 30 hops max, 60 byte packets
 1  192.168.2.1  3.425 ms
 2  24.212.242.17  16.153 ms
 3  10.170.192.58  17.231 ms
 4  192.171.61.161  25.393 ms
 5  206.248.189.97  25.322 ms
 6  198.179.18.41  23.755 ms
 7  64.15.69.54  25.091 ms
 8  199.58.80.40  25.196 ms
