                                       capacity     operations     bandwidth
pool                                 alloc   free   read  write   read  write
-----------------------------------  -----  -----  -----  -----  -----  -----
zhgstera6                            2.89T  2.20T      0      2   349K   448K
  726060ALE614-K8JAPRGN:10           2.89T  2.20T      0      2   349K   448K
-----------------------------------  -----  -----  -----  -----  -----  -----
zint500                               230G  24.0G      0      9   112K   318K
  ST3500418AS-5VMSTSSX:5              230G  24.0G      0      9   112K   318K
-----------------------------------  -----  -----  -----  -----  -----  -----
zsam53                                211G  24.5G      0      0  14.7K  74.4K
  Portable_SSD_T5-S49WNP0N120517B:8   211G  24.5G      0      0  14.7K  74.4K
-----------------------------------  -----  -----  -----  -----  -----  -----
