Linux 3.10.0-1062.1.2.el7.x86_64 (localhost) 	03/09/2022 	_x86_64_	(1 CPU)

#      Time   UID       PID    %usr %system  %guest    %CPU   CPU  minflt/s  majflt/s     VSZ    RSS   %MEM StkSize  StkRef   kB_rd/s   kB_wr/s kB_ccwr/s   cswch/s nvcswch/s  Command
 1646857494     0         2    0.00    0.00    0.00    0.00     0      0.00      0.00       0      0   0.00       0       0     -1.00     -1.00     -1.00      0.03      0.00  kthreadd
 1646857494     0         4    0.00    0.00    0.00    0.00     0      0.00      0.00       0      0   0.00       0       0     -1.00     -1.00     -1.00      0.00      0.00  kworker/0:0H
 1646857494     0         6    0.00    0.00    0.00    0.00     0      0.00      0.00       0      0   0.00       0       0     -1.00     -1.00     -1.00      0.77      0.00  ksoftirqd/0
 1646857494     0         7    0.00    0.00    0.00    0.00     0      0.00      0.00       0      0   0.00       0       0     -1.00     -1.00     -1.00      0.48      0.00  migration/0
 1646857494     0         8    0.00    0.00    0.00    0.00     0      0.00      0.00       0      0   0.00       0       0     -1.00     -1.00     -1.00      0.00      0.00  rcu_bh
 1646857494     0         9    0.00    0.01    0.00    0.01     0      0.00      0.00       0      0   0.00       0       0     -1.00     -1.00     -1.00      4.93      0.00  rcu_sched
 1646857494     0        10    0.00    0.00    0.00    0.00     0      0.00      0.00       0      0   0.00       0       0     -1.00     -1.00     -1.00      0.00      0.00  lru-add-drain
 1646857494     0        11    0.00    0.00    0.00    0.00     0      0.00      0.00       0      0   0.00       0       0     -1.00     -1.00     -1.00      0.25      0.00  watchdog/0
 1646857494     0        13    0.00    0.00    0.00    0.00     0      0.00      0.00       0      0   0.00       0       0     -1.00     -1.00     -1.00      0.03      0.00  kdevtmpfs
 1646857494     0        14    0.00    0.00    0.00    0.00     0      0.00      0.00       0      0   0.00       0       0     -1.00     -1.00     -1.00      0.00      0.00  netns
 1646857494     0        15    0.00    0.00    0.00    0.00     0      0.00      0.00       0      0   0.00       0       0     -1.00     -1.00     -1.00      0.01      0.00  khungtaskd
 1646857494     0        16    0.00    0.00    0.00    0.00     0      0.00      0.00       0      0   0.00       0       0     -1.00     -1.00     -1.00      0.00      0.00  writeback
 1646857494     0        17    0.00    0.00    0.00    0.00     0      0.00      0.00       0      0   0.00       0       0     -1.00     -1.00     -1.00      0.00      0.00  kintegrityd
 1646857494     0        18    0.00    0.00    0.00    0.00     0      0.00      0.00       0      0   0.00       0       0     -1.00     -1.00     -1.00      0.00      0.00  bioset
 1646857494     0        19    0.00    0.00    0.00    0.00     0      0.00      0.00       0      0   0.00       0       0     -1.00     -1.00     -1.00      0.00      0.00  bioset
 1646857494     0        20    0.00    0.00    0.00    0.00     0      0.00      0.00       0      0   0.00       0       0     -1.00     -1.00     -1.00      0.00      0.00  bioset
 1646857494     0        21    0.00    0.00    0.00    0.00     0      0.00      0.00       0      0   0.00       0       0     -1.00     -1.00     -1.00      0.00      0.00  kblockd
 1646857494     0        22    0.00    0.00    0.00    0.00     0      0.00      0.00       0      0   0.00       0       0     -1.00     -1.00     -1.00      0.00      0.00  md
 1646857494     0        23    0.00    0.00    0.00    0.00     0      0.00      0.00       0      0   0.00       0       0     -1.00     -1.00     -1.00      0.00      0.00  edac-poller
 1646857494     0        24    0.00    0.00    0.00    0.00     0      0.00      0.00       0      0   0.00       0       0     -1.00     -1.00     -1.00      0.00      0.00  watchdogd
 1646857494     0        30    0.00    0.00    0.00    0.00     0      0.00      0.00       0      0   0.00       0       0     -1.00     -1.00     -1.00      0.00      0.00  kswapd0
 1646857494     0        31    0.00    0.00    0.00    0.00     0      0.00      0.00       0      0   0.00       0       0     -1.00     -1.00     -1.00      0.00      0.00  ksmd
 1646857494     0        32    0.00    0.00    0.00    0.00     0      0.00      0.00       0      0   0.00       0       0     -1.00     -1.00     -1.00      0.10      0.00  khugepaged
 1646857494     0        33    0.00    0.00    0.00    0.00     0      0.00      0.00       0      0   0.00       0       0     -1.00     -1.00     -1.00      0.00      0.00  crypto
 1646857494     0        41    0.00    0.00    0.00    0.00     0      0.00      0.00       0      0   0.00       0       0     -1.00     -1.00     -1.00      0.00      0.00  kthrotld
 1646857494     0        43    0.00    0.00    0.00    0.00     0      0.00      0.00       0      0   0.00       0       0     -1.00     -1.00     -1.00      0.00      0.00  kmpath_rdacd
 1646857494     0        44    0.00    0.00    0.00    0.00     0      0.00      0.00       0      0   0.00       0       0     -1.00     -1.00     -1.00      0.00      0.00  kaluad
 1646857494     0        45    0.00    0.00    0.00    0.00     0      0.00      0.00       0      0   0.00       0       0     -1.00     -1.00     -1.00      0.00      0.00  kpsmoused
 1646857494     0        47    0.00    0.00    0.00    0.00     0      0.00      0.00       0      0   0.00       0       0     -1.00     -1.00     -1.00      0.00      0.00  ipv6_addrconf
 1646857494     0        60    0.00    0.00    0.00    0.00     0      0.00      0.00       0      0   0.00       0       0     -1.00     -1.00     -1.00      0.00      0.00  deferwq
 1646857494     0        95    0.00    0.00    0.00    0.00     0      0.00      0.00       0      0   0.00       0       0     -1.00     -1.00     -1.00      0.09      0.00  kauditd
 1646857494     0       272    0.00    0.00    0.00    0.00     0      0.00      0.00       0      0   0.00       0       0     -1.00     -1.00     -1.00      0.00      0.00  mpt_poll_0
 1646857494     0       273    0.00    0.00    0.00    0.00     0      0.00      0.00       0      0   0.00       0       0     -1.00     -1.00     -1.00      0.00      0.00  mpt/0
 1646857494     0       274    0.00    0.00    0.00    0.00     0      0.00      0.00       0      0   0.00       0       0     -1.00     -1.00     -1.00      0.00      0.00  nfit
 1646857494     0       275    0.00    0.00    0.00    0.00     0      0.00      0.00       0      0   0.00       0       0     -1.00     -1.00     -1.00      0.00      0.00  ata_sff
 1646857494     0       285    0.00    0.00    0.00    0.00     0      0.00      0.00       0      0   0.00       0       0     -1.00     -1.00     -1.00      0.00      0.00  scsi_eh_0
 1646857494     0       288    0.00    0.00    0.00    0.00     0      0.00      0.00       0      0   0.00       0       0     -1.00     -1.00     -1.00      0.00      0.00  scsi_tmf_0
 1646857494     0       308    0.00    0.00    0.00    0.00     0      0.00      0.00       0      0   0.00       0       0     -1.00     -1.00     -1.00      0.00      0.00  scsi_eh_1
 1646857494     0       309    0.00    0.00    0.00    0.00     0      0.00      0.00       0      0   0.00       0       0     -1.00     -1.00     -1.00      0.88      0.00  kworker/u256:2
 1646857494     0       314    0.00    0.00    0.00    0.00     0      0.00      0.00       0      0   0.00       0       0     -1.00     -1.00     -1.00      0.00      0.00  scsi_tmf_1
 1646857494     0       319    0.00    0.00    0.00    0.00     0      0.00      0.00       0      0   0.00       0       0     -1.00     -1.00     -1.00      0.01      0.00  scsi_eh_2
 1646857494     0       323    0.00    0.00    0.00    0.00     0      0.00      0.00       0      0   0.00       0       0     -1.00     -1.00     -1.00      0.00      0.00  scsi_tmf_2
 1646857494     0       356    0.00    0.00    0.00    0.00     0      0.00      0.00       0      0   0.00       0       0     -1.00     -1.00     -1.00      0.19      0.00  kworker/u256:4
 1646857494     0       357    0.00    0.00    0.00    0.00     0      0.00      0.00       0      0   0.00       0       0     -1.00     -1.00     -1.00      0.63      0.00  irq/16-vmwgfx
 1646857494     0       359    0.00    0.00    0.00    0.00     0      0.00      0.00       0      0   0.00       0       0     -1.00     -1.00     -1.00      0.00      0.00  ttm_swap
 1646857494     0       431    0.00    0.00    0.00    0.00     0      0.00      0.00       0      0   0.00       0       0     -1.00     -1.00     -1.00      0.00      0.00  kdmflush
 1646857494     0       432    0.00    0.00    0.00    0.00     0      0.00      0.00       0      0   0.00       0       0     -1.00     -1.00     -1.00      0.00      0.00  bioset
 1646857494     0       441    0.00    0.00    0.00    0.00     0      0.00      0.00       0      0   0.00       0       0     -1.00     -1.00     -1.00      0.00      0.00  kdmflush
 1646857494     0       442    0.00    0.00    0.00    0.00     0      0.00      0.00       0      0   0.00       0       0     -1.00     -1.00     -1.00      0.00      0.00  bioset
 1646857494     0       455    0.00    0.00    0.00    0.00     0      0.00      0.00       0      0   0.00       0       0     -1.00     -1.00     -1.00      0.00      0.00  bioset
 1646857494     0       456    0.00    0.00    0.00    0.00     0      0.00      0.00       0      0   0.00       0       0     -1.00     -1.00     -1.00      0.00      0.00  xfsalloc
 1646857494     0       457    0.00    0.00    0.00    0.00     0      0.00      0.00       0      0   0.00       0       0     -1.00     -1.00     -1.00      0.00      0.00  xfs_mru_cache
 1646857494     0       458    0.00    0.00    0.00    0.00     0      0.00      0.00       0      0   0.00       0       0     -1.00     -1.00     -1.00      0.00      0.00  xfs-buf/dm-0
 1646857494     0       459    0.00    0.00    0.00    0.00     0      0.00      0.00       0      0   0.00       0       0     -1.00     -1.00     -1.00      0.00      0.00  xfs-data/dm-0
 1646857494     0       460    0.00    0.00    0.00    0.00     0      0.00      0.00       0      0   0.00       0       0     -1.00     -1.00     -1.00      0.00      0.00  xfs-conv/dm-0
 1646857494     0       461    0.00    0.00    0.00    0.00     0      0.00      0.00       0      0   0.00       0       0     -1.00     -1.00     -1.00      0.00      0.00  xfs-cil/dm-0
 1646857494     0       462    0.00    0.00    0.00    0.00     0      0.00      0.00       0      0   0.00       0       0     -1.00     -1.00     -1.00      0.00      0.00  xfs-reclaim/dm-
 1646857494     0       463    0.00    0.00    0.00    0.00     0      0.00      0.00       0      0   0.00       0       0     -1.00     -1.00     -1.00      0.00      0.00  xfs-log/dm-0
 1646857494     0       464    0.00    0.00    0.00    0.00     0      0.00      0.00       0      0   0.00       0       0     -1.00     -1.00     -1.00      0.00      0.00  xfs-eofblocks/d
 1646857494     0       465    0.00    0.01    0.00    0.01     0      0.00      0.00       0      0   0.00       0       0     -1.00     -1.00     -1.00      3.04      0.00  xfsaild/dm-0
 1646857494     0       466    0.00    0.00    0.00    0.00     0      0.00      0.00       0      0   0.00       0       0     -1.00     -1.00     -1.00      0.20      0.00  kworker/0:1H
 1646857494     0       698    0.00    0.00    0.00    0.00     0      0.00      0.00       0      0   0.00       0       0     -1.00     -1.00     -1.00      0.00      0.00  kworker/u257:0
 1646857494     0       700    0.00    0.00    0.00    0.00     0      0.00      0.00       0      0   0.00       0       0     -1.00     -1.00     -1.00      0.00      0.00  hci0
 1646857494     0       701    0.00    0.00    0.00    0.00     0      0.00      0.00       0      0   0.00       0       0     -1.00     -1.00     -1.00      0.00      0.00  hci0
 1646857494     0       702    0.00    0.00    0.00    0.00     0      0.00      0.00       0      0   0.00       0       0     -1.00     -1.00     -1.00      0.01      0.00  kworker/u257:1
 1646857494     0       725    0.00    0.00    0.00    0.00     0      0.00      0.00       0      0   0.00       0       0     -1.00     -1.00     -1.00      0.00      0.00  xfs-buf/sda1
 1646857494     0       726    0.00    0.00    0.00    0.00     0      0.00      0.00       0      0   0.00       0       0     -1.00     -1.00     -1.00      0.00      0.00  xfs-data/sda1
 1646857494     0       727    0.00    0.00    0.00    0.00     0      0.00      0.00       0      0   0.00       0       0     -1.00     -1.00     -1.00      0.00      0.00  xfs-conv/sda1
 1646857494     0       728    0.00    0.00    0.00    0.00     0      0.00      0.00       0      0   0.00       0       0     -1.00     -1.00     -1.00      0.00      0.00  xfs-cil/sda1
 1646857494     0       729    0.00    0.00    0.00    0.00     0      0.00      0.00       0      0   0.00       0       0     -1.00     -1.00     -1.00      0.00      0.00  xfs-reclaim/sda
 1646857494     0       730    0.00    0.00    0.00    0.00     0      0.00      0.00       0      0   0.00       0       0     -1.00     -1.00     -1.00      0.00      0.00  xfs-log/sda1
 1646857494     0       731    0.00    0.00    0.00    0.00     0      0.00      0.00       0      0   0.00       0       0     -1.00     -1.00     -1.00      0.00      0.00  xfs-eofblocks/s
 1646857494     0       732    0.00    0.00    0.00    0.00     0      0.00      0.00       0      0   0.00       0       0     -1.00     -1.00     -1.00      0.00      0.00  xfsaild/sda1
 1646857494  1000      1852    0.00    0.00    0.00    0.00     0      0.25      0.00  115708   2324   0.06     264     264      0.08      0.00      0.00      0.01      0.00  -bash 
 1646857494  1000      1877    0.00    0.00    0.00    0.00     0      0.33      0.00  115580   2216   0.06     132      24      0.64      0.00      0.00      0.03      0.00  -bash 
 1646857494     0      2062    0.00    0.03    0.00    0.03     0      0.00      0.00       0      0   0.00       0       0     -1.00     -1.00     -1.00      0.95      0.00  kworker/0:0
 1646857494     0      2153    0.00    0.00    0.00    0.00     0      0.00      0.00       0      0   0.00       0       0     -1.00     -1.00     -1.00      0.03      0.00  kworker/0:1
 1646857494     0      2199    0.00    0.00    0.00    0.00     0      0.00      0.00       0      0   0.00       0       0     -1.00     -1.00     -1.00      0.03      0.00  kworker/0:2
 1646857494  1000      2201    0.00    0.00    0.00    0.00     0      0.09      0.00  108328   1040   0.03     132      20      0.00      0.00      0.00      0.00      0.00  pidstat -dlrsuwh 

